// Jest Snapshot v1, https://goo.gl/fbAQLP

exports[`ResultsList should render and empty container if searchResults is empty 1`] = `ShallowWrapper {}`;

exports[`ResultsList should render and the items if present 1`] = `ShallowWrapper {}`;

exports[`ResultsList should render the spinner if loading 1`] = `ReactWrapper {}`;
